[INFO] Scanning for projects...
[INFO] 
[INFO] --------------------< org.impulsegraph:impulse-vm >---------------------
[INFO] Building Impulse Graph Engine - Compute VM 0.9.0-SNAPSHOT
[INFO]   from pom.xml
[INFO] --------------------------------[ jar ]---------------------------------
[INFO] 
[INFO] --- resources:3.4.0:resources (default-resources) @ impulse-vm ---
[INFO] skip non existing resourceDirectory /Users/jesse/impulse/impulse-graph-java/impulse-vm/src/main/resources
[INFO] 
[INFO] --- compiler:3.13.0:compile (default-compile) @ impulse-vm ---
[INFO] Nothing to compile - all classes are up to date.
[INFO] 
[INFO] --- resources:3.4.0:testResources (default-testResources) @ impulse-vm ---
[INFO] skip non existing resourceDirectory /Users/jesse/impulse/impulse-graph-java/impulse-vm/src/test/resources
[INFO] 
[INFO] --- compiler:3.13.0:testCompile (default-testCompile) @ impulse-vm ---
[INFO] Recompiling the module because of changed source code.
[INFO] Compiling 25 source files with javac [debug release 25] to target/test-classes
[INFO] -------------------------------------------------------------
[ERROR] COMPILATION ERROR : 
[INFO] -------------------------------------------------------------
[ERROR] /Users/jesse/impulse/impulse-graph-java/impulse-vm/src/test/java/org/impulsegraph/vm/AttributeProjectionAndReducerTest.java:[145,62] cannot find symbol
  symbol:   method getAttributeNames()
  location: variable csrRel of type org.impulsegraph.storage.csr.RelationSnapshot
[INFO] 1 error
[INFO] -------------------------------------------------------------
[INFO] ------------------------------------------------------------------------
[INFO] BUILD FAILURE
[INFO] ------------------------------------------------------------------------
[INFO] Total time:  0.598 s
[INFO] Finished at: 2026-08-19T22:46:09-05:00
[INFO] ------------------------------------------------------------------------
[ERROR] Failed to execute goal org.apache.maven.plugins:maven-compiler-plugin:3.13.0:testCompile (default-testCompile) on project impulse-vm: Compilation failure
[ERROR] /Users/jesse/impulse/impulse-graph-java/impulse-vm/src/test/java/org/impulsegraph/vm/AttributeProjectionAndReducerTest.java:[145,62] cannot find symbol
[ERROR]   symbol:   method getAttributeNames()
[ERROR]   location: variable csrRel of type org.impulsegraph.storage.csr.RelationSnapshot
[ERROR] -> [Help 1]
[ERROR] 
[ERROR] To see the full stack trace of the errors, re-run Maven with the -e switch.
[ERROR] Re-run Maven using the -X switch to enable full debug logging.
[ERROR] 
[ERROR] For more information about the errors and possible solutions, please read the following articles:
[ERROR] [Help 1] http://cwiki.apache.org/confluence/display/MAVEN/MojoFailureException
